// Jest Snapshot v1, https://goo.gl/fbAQLP

exports[`should be render expense form correctly 1`] = `
<div>
  <form
    onSubmit={[Function]}
  >
    <input
      autoFocus={true}
      onChange={[Function]}
      placeholder="Description"
      type="text"
      value=""
    />
    <input
      onChange={[Function]}
      placeholder="Amount"
      type="text"
      value=""
    />
    <input
      onChange={[Function]}
      type="date"
    />
    <textarea
      onChange={[Function]}
      placeholder="A note for your expense"
    />
    <button>
      Add Expense
    </button>
  </form>
</div>
`;
