// Jest Snapshot v1, https://goo.gl/fbAQLP

exports[`Should render expenselist with expenses 1`] = `
<div>
  <ExpenseListItem
    amount={195}
    createdAt={0}
    description="GUM"
    id="1"
    key="1"
    note=""
  />
  <ExpenseListItem
    amount={19500}
    createdAt={-1000}
    description="Rent"
    id="2"
    key="2"
    note=""
  />
  <ExpenseListItem
    amount={4500}
    createdAt={1000}
    description="Credit Card"
    id="3"
    key="3"
    note=""
  />
</div>
`;

exports[`should render expense list with empty message 1`] = `
<div>
  <p>
    There is no Expense
  </p>
</div>
`;
